// Jest Snapshot v1, https://goo.gl/fbAQLP

exports[`<TweetstormButton /> disabled 1`] = `
<button
  class="bg-gray-300 border border-gray-500 font-bold my-4 px-6 py-2 rounded self-center cursor-auto"
  data-testid="tweet"
  disabled=""
  type="button"
>
  Tweet
</button>
`;

exports[`<TweetstormButton /> enabled 1`] = `
<button
  class="bg-gray-300 border border-gray-500 font-bold my-4 px-6 py-2 rounded self-center tweries-background-color-blue-button"
  data-testid="tweet"
  type="button"
>
  Tweet
</button>
`;

exports[`<TweetstormButton /> waiting 1`] = `
<button
  class="bg-gray-300 border border-gray-500 font-bold my-4 px-6 py-2 rounded self-center cursor-auto"
  data-testid="tweet"
  disabled=""
  type="button"
>
  <svg
    aria-hidden="true"
    class="svg-inline--fa fa-spinner fa-w-16 fa-spin "
    data-icon="spinner"
    data-prefix="fas"
    focusable="false"
    role="img"
    viewBox="0 0 512 512"
    xmlns="http://www.w3.org/2000/svg"
  >
    <path
      d="M304 48c0 26.51-21.49 48-48 48s-48-21.49-48-48 21.49-48 48-48 48 21.49 48 48zm-48 368c-26.51 0-48 21.49-48 48s21.49 48 48 48 48-21.49 48-48-21.49-48-48-48zm208-208c-26.51 0-48 21.49-48 48s21.49 48 48 48 48-21.49 48-48-21.49-48-48-48zM96 256c0-26.51-21.49-48-48-48S0 229.49 0 256s21.49 48 48 48 48-21.49 48-48zm12.922 99.078c-26.51 0-48 21.49-48 48s21.49 48 48 48 48-21.49 48-48c0-26.509-21.491-48-48-48zm294.156 0c-26.51 0-48 21.49-48 48s21.49 48 48 48 48-21.49 48-48c0-26.509-21.49-48-48-48zM108.922 60.922c-26.51 0-48 21.49-48 48s21.49 48 48 48 48-21.49 48-48-21.491-48-48-48z"
      fill="currentColor"
    />
  </svg>
</button>
`;
