// Jest Snapshot v1, https://goo.gl/fbAQLP

exports[`to match snapshot 1`] = `
Object {
  "hashtags": "",
  "healthy": false,
  "items": Array [],
  "linefeed": "
",
  "notification": null,
  "source": "",
  "userId": "",
}
`;
