// Jest Snapshot v1, https://goo.gl/fbAQLP

exports[`makeLink to match snapshot 1`] = `"https://twitter.com/1183836409850814464/status/1230233654959407104"`;
